// Jest Snapshot v1, https://goo.gl/fbAQLP

exports[`should render Hero correctly 1`] = `
<div>
  <h1>
    GARLAND LTC
  </h1>
  <Links />
</div>
`;
